

================================================================
== Vivado HLS Report for 'shift_row_block'
================================================================
* Date:           Tue Apr 23 18:04:48 2019

* Version:        2018.3 (Build 2405991 on Thu Dec 06 23:56:15 MST 2018)
* Project:        CTREncryption
* Solution:       solution1
* Product family: zynquplus
* Target device:  xczu7ev-ffvc1156-2-e


================================================================
== Performance Estimates
================================================================
+ Timing (ns): 
    * Summary: 
    +--------+-------+----------+------------+
    |  Clock | Target| Estimated| Uncertainty|
    +--------+-------+----------+------------+
    |ap_clk  |   5.00|     0.000|        0.62|
    +--------+-------+----------+------------+

+ Latency (clock cycles): 
    * Summary: 
    +-----+-----+-----+-----+----------+
    |  Latency  |  Interval | Pipeline |
    | min | max | min | max |   Type   |
    +-----+-----+-----+-----+----------+
    |    0|    0|    1|    1| function |
    +-----+-----+-----+-----+----------+

    + Detail: 
        * Instance: 
        N/A

        * Loop: 
        N/A

============================================================
+ Verbose Summary: Synthesis Manager
============================================================
InlineROM: 1
ExposeGlobal: 0
============================================================
+ Verbose Summary: CDFG Model
============================================================
IsTopModel: 0
ResetActiveHigh: 1
IsCombinational: 0
IsDatapathOnly: 0
HasWiredReturn: 1
HasMFsm: 2
HasVarLatency: 0
IsPipeline: 1
IsRtlPipelined: 0
IsInstanceOverlapped: 0
IsDontTouch: 0
HasImplIP: 0
IsGatedGlobalClock: 0

+ Individual pipeline summary: 
  * Pipeline-0: initiation interval (II) = 1, depth = 1


============================================================
+ Verbose Summary: Schedule
============================================================
* Number of FSM states : 1
* Pipeline : 1
  Pipeline-0 : II = 1, D = 1, States = { 1 }
* Dataflow Pipeline: 0

* FSM state transitions: 
1 --> 

* FSM state operations: 

State 1 <SV = 0> <Delay = 0.00>
ST_1 : Operation 2 [1/1] (0.00ns)   --->   "%in_state_3_3_3_V_s = call i8 @_ssdm_op_Read.ap_auto.i8(i8 %in_state_3_3_3_V_read)" [CTREncryption/src/encryption.cpp:63]   --->   Operation 2 'read' 'in_state_3_3_3_V_s' <Predicate = true> <Delay = 0.00>
ST_1 : Operation 3 [1/1] (0.00ns)   --->   "%in_state_3_3_2_V_s = call i8 @_ssdm_op_Read.ap_auto.i8(i8 %in_state_3_3_2_V_read)" [CTREncryption/src/encryption.cpp:63]   --->   Operation 3 'read' 'in_state_3_3_2_V_s' <Predicate = true> <Delay = 0.00>
ST_1 : Operation 4 [1/1] (0.00ns)   --->   "%in_state_3_3_1_V_s = call i8 @_ssdm_op_Read.ap_auto.i8(i8 %in_state_3_3_1_V_read)" [CTREncryption/src/encryption.cpp:63]   --->   Operation 4 'read' 'in_state_3_3_1_V_s' <Predicate = true> <Delay = 0.00>
ST_1 : Operation 5 [1/1] (0.00ns)   --->   "%in_state_3_3_0_V_s = call i8 @_ssdm_op_Read.ap_auto.i8(i8 %in_state_3_3_0_V_read)" [CTREncryption/src/encryption.cpp:63]   --->   Operation 5 'read' 'in_state_3_3_0_V_s' <Predicate = true> <Delay = 0.00>
ST_1 : Operation 6 [1/1] (0.00ns)   --->   "%in_state_3_2_3_V_s = call i8 @_ssdm_op_Read.ap_auto.i8(i8 %in_state_3_2_3_V_read)" [CTREncryption/src/encryption.cpp:63]   --->   Operation 6 'read' 'in_state_3_2_3_V_s' <Predicate = true> <Delay = 0.00>
ST_1 : Operation 7 [1/1] (0.00ns)   --->   "%in_state_3_2_2_V_s = call i8 @_ssdm_op_Read.ap_auto.i8(i8 %in_state_3_2_2_V_read)" [CTREncryption/src/encryption.cpp:63]   --->   Operation 7 'read' 'in_state_3_2_2_V_s' <Predicate = true> <Delay = 0.00>
ST_1 : Operation 8 [1/1] (0.00ns)   --->   "%in_state_3_2_1_V_s = call i8 @_ssdm_op_Read.ap_auto.i8(i8 %in_state_3_2_1_V_read)" [CTREncryption/src/encryption.cpp:63]   --->   Operation 8 'read' 'in_state_3_2_1_V_s' <Predicate = true> <Delay = 0.00>
ST_1 : Operation 9 [1/1] (0.00ns)   --->   "%in_state_3_2_0_V_s = call i8 @_ssdm_op_Read.ap_auto.i8(i8 %in_state_3_2_0_V_read)" [CTREncryption/src/encryption.cpp:63]   --->   Operation 9 'read' 'in_state_3_2_0_V_s' <Predicate = true> <Delay = 0.00>
ST_1 : Operation 10 [1/1] (0.00ns)   --->   "%in_state_3_1_3_V_s = call i8 @_ssdm_op_Read.ap_auto.i8(i8 %in_state_3_1_3_V_read)" [CTREncryption/src/encryption.cpp:63]   --->   Operation 10 'read' 'in_state_3_1_3_V_s' <Predicate = true> <Delay = 0.00>
ST_1 : Operation 11 [1/1] (0.00ns)   --->   "%in_state_3_1_2_V_s = call i8 @_ssdm_op_Read.ap_auto.i8(i8 %in_state_3_1_2_V_read)" [CTREncryption/src/encryption.cpp:63]   --->   Operation 11 'read' 'in_state_3_1_2_V_s' <Predicate = true> <Delay = 0.00>
ST_1 : Operation 12 [1/1] (0.00ns)   --->   "%in_state_3_1_1_V_s = call i8 @_ssdm_op_Read.ap_auto.i8(i8 %in_state_3_1_1_V_read)" [CTREncryption/src/encryption.cpp:63]   --->   Operation 12 'read' 'in_state_3_1_1_V_s' <Predicate = true> <Delay = 0.00>
ST_1 : Operation 13 [1/1] (0.00ns)   --->   "%in_state_3_1_0_V_s = call i8 @_ssdm_op_Read.ap_auto.i8(i8 %in_state_3_1_0_V_read)" [CTREncryption/src/encryption.cpp:63]   --->   Operation 13 'read' 'in_state_3_1_0_V_s' <Predicate = true> <Delay = 0.00>
ST_1 : Operation 14 [1/1] (0.00ns)   --->   "%in_state_3_0_3_V_s = call i8 @_ssdm_op_Read.ap_auto.i8(i8 %in_state_3_0_3_V_read)" [CTREncryption/src/encryption.cpp:63]   --->   Operation 14 'read' 'in_state_3_0_3_V_s' <Predicate = true> <Delay = 0.00>
ST_1 : Operation 15 [1/1] (0.00ns)   --->   "%in_state_3_0_2_V_s = call i8 @_ssdm_op_Read.ap_auto.i8(i8 %in_state_3_0_2_V_read)" [CTREncryption/src/encryption.cpp:63]   --->   Operation 15 'read' 'in_state_3_0_2_V_s' <Predicate = true> <Delay = 0.00>
ST_1 : Operation 16 [1/1] (0.00ns)   --->   "%in_state_3_0_1_V_s = call i8 @_ssdm_op_Read.ap_auto.i8(i8 %in_state_3_0_1_V_read)" [CTREncryption/src/encryption.cpp:63]   --->   Operation 16 'read' 'in_state_3_0_1_V_s' <Predicate = true> <Delay = 0.00>
ST_1 : Operation 17 [1/1] (0.00ns)   --->   "%in_state_3_0_0_V_s = call i8 @_ssdm_op_Read.ap_auto.i8(i8 %in_state_3_0_0_V_read)" [CTREncryption/src/encryption.cpp:63]   --->   Operation 17 'read' 'in_state_3_0_0_V_s' <Predicate = true> <Delay = 0.00>
ST_1 : Operation 18 [1/1] (0.00ns)   --->   "%in_state_2_3_3_V_s = call i8 @_ssdm_op_Read.ap_auto.i8(i8 %in_state_2_3_3_V_read)" [CTREncryption/src/encryption.cpp:63]   --->   Operation 18 'read' 'in_state_2_3_3_V_s' <Predicate = true> <Delay = 0.00>
ST_1 : Operation 19 [1/1] (0.00ns)   --->   "%in_state_2_3_2_V_s = call i8 @_ssdm_op_Read.ap_auto.i8(i8 %in_state_2_3_2_V_read)" [CTREncryption/src/encryption.cpp:63]   --->   Operation 19 'read' 'in_state_2_3_2_V_s' <Predicate = true> <Delay = 0.00>
ST_1 : Operation 20 [1/1] (0.00ns)   --->   "%in_state_2_3_1_V_s = call i8 @_ssdm_op_Read.ap_auto.i8(i8 %in_state_2_3_1_V_read)" [CTREncryption/src/encryption.cpp:63]   --->   Operation 20 'read' 'in_state_2_3_1_V_s' <Predicate = true> <Delay = 0.00>
ST_1 : Operation 21 [1/1] (0.00ns)   --->   "%in_state_2_3_0_V_s = call i8 @_ssdm_op_Read.ap_auto.i8(i8 %in_state_2_3_0_V_read)" [CTREncryption/src/encryption.cpp:63]   --->   Operation 21 'read' 'in_state_2_3_0_V_s' <Predicate = true> <Delay = 0.00>
ST_1 : Operation 22 [1/1] (0.00ns)   --->   "%in_state_2_2_3_V_s = call i8 @_ssdm_op_Read.ap_auto.i8(i8 %in_state_2_2_3_V_read)" [CTREncryption/src/encryption.cpp:63]   --->   Operation 22 'read' 'in_state_2_2_3_V_s' <Predicate = true> <Delay = 0.00>
ST_1 : Operation 23 [1/1] (0.00ns)   --->   "%in_state_2_2_2_V_s = call i8 @_ssdm_op_Read.ap_auto.i8(i8 %in_state_2_2_2_V_read)" [CTREncryption/src/encryption.cpp:63]   --->   Operation 23 'read' 'in_state_2_2_2_V_s' <Predicate = true> <Delay = 0.00>
ST_1 : Operation 24 [1/1] (0.00ns)   --->   "%in_state_2_2_1_V_s = call i8 @_ssdm_op_Read.ap_auto.i8(i8 %in_state_2_2_1_V_read)" [CTREncryption/src/encryption.cpp:63]   --->   Operation 24 'read' 'in_state_2_2_1_V_s' <Predicate = true> <Delay = 0.00>
ST_1 : Operation 25 [1/1] (0.00ns)   --->   "%in_state_2_2_0_V_s = call i8 @_ssdm_op_Read.ap_auto.i8(i8 %in_state_2_2_0_V_read)" [CTREncryption/src/encryption.cpp:63]   --->   Operation 25 'read' 'in_state_2_2_0_V_s' <Predicate = true> <Delay = 0.00>
ST_1 : Operation 26 [1/1] (0.00ns)   --->   "%in_state_2_1_3_V_s = call i8 @_ssdm_op_Read.ap_auto.i8(i8 %in_state_2_1_3_V_read)" [CTREncryption/src/encryption.cpp:63]   --->   Operation 26 'read' 'in_state_2_1_3_V_s' <Predicate = true> <Delay = 0.00>
ST_1 : Operation 27 [1/1] (0.00ns)   --->   "%in_state_2_1_2_V_s = call i8 @_ssdm_op_Read.ap_auto.i8(i8 %in_state_2_1_2_V_read)" [CTREncryption/src/encryption.cpp:63]   --->   Operation 27 'read' 'in_state_2_1_2_V_s' <Predicate = true> <Delay = 0.00>
ST_1 : Operation 28 [1/1] (0.00ns)   --->   "%in_state_2_1_1_V_s = call i8 @_ssdm_op_Read.ap_auto.i8(i8 %in_state_2_1_1_V_read)" [CTREncryption/src/encryption.cpp:63]   --->   Operation 28 'read' 'in_state_2_1_1_V_s' <Predicate = true> <Delay = 0.00>
ST_1 : Operation 29 [1/1] (0.00ns)   --->   "%in_state_2_1_0_V_s = call i8 @_ssdm_op_Read.ap_auto.i8(i8 %in_state_2_1_0_V_read)" [CTREncryption/src/encryption.cpp:63]   --->   Operation 29 'read' 'in_state_2_1_0_V_s' <Predicate = true> <Delay = 0.00>
ST_1 : Operation 30 [1/1] (0.00ns)   --->   "%in_state_2_0_3_V_s = call i8 @_ssdm_op_Read.ap_auto.i8(i8 %in_state_2_0_3_V_read)" [CTREncryption/src/encryption.cpp:63]   --->   Operation 30 'read' 'in_state_2_0_3_V_s' <Predicate = true> <Delay = 0.00>
ST_1 : Operation 31 [1/1] (0.00ns)   --->   "%in_state_2_0_2_V_s = call i8 @_ssdm_op_Read.ap_auto.i8(i8 %in_state_2_0_2_V_read)" [CTREncryption/src/encryption.cpp:63]   --->   Operation 31 'read' 'in_state_2_0_2_V_s' <Predicate = true> <Delay = 0.00>
ST_1 : Operation 32 [1/1] (0.00ns)   --->   "%in_state_2_0_1_V_s = call i8 @_ssdm_op_Read.ap_auto.i8(i8 %in_state_2_0_1_V_read)" [CTREncryption/src/encryption.cpp:63]   --->   Operation 32 'read' 'in_state_2_0_1_V_s' <Predicate = true> <Delay = 0.00>
ST_1 : Operation 33 [1/1] (0.00ns)   --->   "%in_state_2_0_0_V_s = call i8 @_ssdm_op_Read.ap_auto.i8(i8 %in_state_2_0_0_V_read)" [CTREncryption/src/encryption.cpp:63]   --->   Operation 33 'read' 'in_state_2_0_0_V_s' <Predicate = true> <Delay = 0.00>
ST_1 : Operation 34 [1/1] (0.00ns)   --->   "%in_state_1_3_3_V_s = call i8 @_ssdm_op_Read.ap_auto.i8(i8 %in_state_1_3_3_V_read)" [CTREncryption/src/encryption.cpp:63]   --->   Operation 34 'read' 'in_state_1_3_3_V_s' <Predicate = true> <Delay = 0.00>
ST_1 : Operation 35 [1/1] (0.00ns)   --->   "%in_state_1_3_2_V_s = call i8 @_ssdm_op_Read.ap_auto.i8(i8 %in_state_1_3_2_V_read)" [CTREncryption/src/encryption.cpp:63]   --->   Operation 35 'read' 'in_state_1_3_2_V_s' <Predicate = true> <Delay = 0.00>
ST_1 : Operation 36 [1/1] (0.00ns)   --->   "%in_state_1_3_1_V_s = call i8 @_ssdm_op_Read.ap_auto.i8(i8 %in_state_1_3_1_V_read)" [CTREncryption/src/encryption.cpp:63]   --->   Operation 36 'read' 'in_state_1_3_1_V_s' <Predicate = true> <Delay = 0.00>
ST_1 : Operation 37 [1/1] (0.00ns)   --->   "%in_state_1_3_0_V_s = call i8 @_ssdm_op_Read.ap_auto.i8(i8 %in_state_1_3_0_V_read)" [CTREncryption/src/encryption.cpp:63]   --->   Operation 37 'read' 'in_state_1_3_0_V_s' <Predicate = true> <Delay = 0.00>
ST_1 : Operation 38 [1/1] (0.00ns)   --->   "%in_state_1_2_3_V_s = call i8 @_ssdm_op_Read.ap_auto.i8(i8 %in_state_1_2_3_V_read)" [CTREncryption/src/encryption.cpp:63]   --->   Operation 38 'read' 'in_state_1_2_3_V_s' <Predicate = true> <Delay = 0.00>
ST_1 : Operation 39 [1/1] (0.00ns)   --->   "%in_state_1_2_2_V_s = call i8 @_ssdm_op_Read.ap_auto.i8(i8 %in_state_1_2_2_V_read)" [CTREncryption/src/encryption.cpp:63]   --->   Operation 39 'read' 'in_state_1_2_2_V_s' <Predicate = true> <Delay = 0.00>
ST_1 : Operation 40 [1/1] (0.00ns)   --->   "%in_state_1_2_1_V_s = call i8 @_ssdm_op_Read.ap_auto.i8(i8 %in_state_1_2_1_V_read)" [CTREncryption/src/encryption.cpp:63]   --->   Operation 40 'read' 'in_state_1_2_1_V_s' <Predicate = true> <Delay = 0.00>
ST_1 : Operation 41 [1/1] (0.00ns)   --->   "%in_state_1_2_0_V_s = call i8 @_ssdm_op_Read.ap_auto.i8(i8 %in_state_1_2_0_V_read)" [CTREncryption/src/encryption.cpp:63]   --->   Operation 41 'read' 'in_state_1_2_0_V_s' <Predicate = true> <Delay = 0.00>
ST_1 : Operation 42 [1/1] (0.00ns)   --->   "%in_state_1_1_3_V_s = call i8 @_ssdm_op_Read.ap_auto.i8(i8 %in_state_1_1_3_V_read)" [CTREncryption/src/encryption.cpp:63]   --->   Operation 42 'read' 'in_state_1_1_3_V_s' <Predicate = true> <Delay = 0.00>
ST_1 : Operation 43 [1/1] (0.00ns)   --->   "%in_state_1_1_2_V_s = call i8 @_ssdm_op_Read.ap_auto.i8(i8 %in_state_1_1_2_V_read)" [CTREncryption/src/encryption.cpp:63]   --->   Operation 43 'read' 'in_state_1_1_2_V_s' <Predicate = true> <Delay = 0.00>
ST_1 : Operation 44 [1/1] (0.00ns)   --->   "%in_state_1_1_1_V_s = call i8 @_ssdm_op_Read.ap_auto.i8(i8 %in_state_1_1_1_V_read)" [CTREncryption/src/encryption.cpp:63]   --->   Operation 44 'read' 'in_state_1_1_1_V_s' <Predicate = true> <Delay = 0.00>
ST_1 : Operation 45 [1/1] (0.00ns)   --->   "%in_state_1_1_0_V_s = call i8 @_ssdm_op_Read.ap_auto.i8(i8 %in_state_1_1_0_V_read)" [CTREncryption/src/encryption.cpp:63]   --->   Operation 45 'read' 'in_state_1_1_0_V_s' <Predicate = true> <Delay = 0.00>
ST_1 : Operation 46 [1/1] (0.00ns)   --->   "%in_state_1_0_3_V_s = call i8 @_ssdm_op_Read.ap_auto.i8(i8 %in_state_1_0_3_V_read)" [CTREncryption/src/encryption.cpp:63]   --->   Operation 46 'read' 'in_state_1_0_3_V_s' <Predicate = true> <Delay = 0.00>
ST_1 : Operation 47 [1/1] (0.00ns)   --->   "%in_state_1_0_2_V_s = call i8 @_ssdm_op_Read.ap_auto.i8(i8 %in_state_1_0_2_V_read)" [CTREncryption/src/encryption.cpp:63]   --->   Operation 47 'read' 'in_state_1_0_2_V_s' <Predicate = true> <Delay = 0.00>
ST_1 : Operation 48 [1/1] (0.00ns)   --->   "%in_state_1_0_1_V_s = call i8 @_ssdm_op_Read.ap_auto.i8(i8 %in_state_1_0_1_V_read)" [CTREncryption/src/encryption.cpp:63]   --->   Operation 48 'read' 'in_state_1_0_1_V_s' <Predicate = true> <Delay = 0.00>
ST_1 : Operation 49 [1/1] (0.00ns)   --->   "%in_state_1_0_0_V_s = call i8 @_ssdm_op_Read.ap_auto.i8(i8 %in_state_1_0_0_V_read)" [CTREncryption/src/encryption.cpp:63]   --->   Operation 49 'read' 'in_state_1_0_0_V_s' <Predicate = true> <Delay = 0.00>
ST_1 : Operation 50 [1/1] (0.00ns)   --->   "%in_state_0_3_3_V_s = call i8 @_ssdm_op_Read.ap_auto.i8(i8 %in_state_0_3_3_V_read)" [CTREncryption/src/encryption.cpp:63]   --->   Operation 50 'read' 'in_state_0_3_3_V_s' <Predicate = true> <Delay = 0.00>
ST_1 : Operation 51 [1/1] (0.00ns)   --->   "%in_state_0_3_2_V_s = call i8 @_ssdm_op_Read.ap_auto.i8(i8 %in_state_0_3_2_V_read)" [CTREncryption/src/encryption.cpp:63]   --->   Operation 51 'read' 'in_state_0_3_2_V_s' <Predicate = true> <Delay = 0.00>
ST_1 : Operation 52 [1/1] (0.00ns)   --->   "%in_state_0_3_1_V_s = call i8 @_ssdm_op_Read.ap_auto.i8(i8 %in_state_0_3_1_V_read)" [CTREncryption/src/encryption.cpp:63]   --->   Operation 52 'read' 'in_state_0_3_1_V_s' <Predicate = true> <Delay = 0.00>
ST_1 : Operation 53 [1/1] (0.00ns)   --->   "%in_state_0_3_0_V_s = call i8 @_ssdm_op_Read.ap_auto.i8(i8 %in_state_0_3_0_V_read)" [CTREncryption/src/encryption.cpp:63]   --->   Operation 53 'read' 'in_state_0_3_0_V_s' <Predicate = true> <Delay = 0.00>
ST_1 : Operation 54 [1/1] (0.00ns)   --->   "%in_state_0_2_3_V_s = call i8 @_ssdm_op_Read.ap_auto.i8(i8 %in_state_0_2_3_V_read)" [CTREncryption/src/encryption.cpp:63]   --->   Operation 54 'read' 'in_state_0_2_3_V_s' <Predicate = true> <Delay = 0.00>
ST_1 : Operation 55 [1/1] (0.00ns)   --->   "%in_state_0_2_2_V_s = call i8 @_ssdm_op_Read.ap_auto.i8(i8 %in_state_0_2_2_V_read)" [CTREncryption/src/encryption.cpp:63]   --->   Operation 55 'read' 'in_state_0_2_2_V_s' <Predicate = true> <Delay = 0.00>
ST_1 : Operation 56 [1/1] (0.00ns)   --->   "%in_state_0_2_1_V_s = call i8 @_ssdm_op_Read.ap_auto.i8(i8 %in_state_0_2_1_V_read)" [CTREncryption/src/encryption.cpp:63]   --->   Operation 56 'read' 'in_state_0_2_1_V_s' <Predicate = true> <Delay = 0.00>
ST_1 : Operation 57 [1/1] (0.00ns)   --->   "%in_state_0_2_0_V_s = call i8 @_ssdm_op_Read.ap_auto.i8(i8 %in_state_0_2_0_V_read)" [CTREncryption/src/encryption.cpp:63]   --->   Operation 57 'read' 'in_state_0_2_0_V_s' <Predicate = true> <Delay = 0.00>
ST_1 : Operation 58 [1/1] (0.00ns)   --->   "%in_state_0_1_3_V_s = call i8 @_ssdm_op_Read.ap_auto.i8(i8 %in_state_0_1_3_V_read)" [CTREncryption/src/encryption.cpp:63]   --->   Operation 58 'read' 'in_state_0_1_3_V_s' <Predicate = true> <Delay = 0.00>
ST_1 : Operation 59 [1/1] (0.00ns)   --->   "%in_state_0_1_2_V_s = call i8 @_ssdm_op_Read.ap_auto.i8(i8 %in_state_0_1_2_V_read)" [CTREncryption/src/encryption.cpp:63]   --->   Operation 59 'read' 'in_state_0_1_2_V_s' <Predicate = true> <Delay = 0.00>
ST_1 : Operation 60 [1/1] (0.00ns)   --->   "%in_state_0_1_1_V_s = call i8 @_ssdm_op_Read.ap_auto.i8(i8 %in_state_0_1_1_V_read)" [CTREncryption/src/encryption.cpp:63]   --->   Operation 60 'read' 'in_state_0_1_1_V_s' <Predicate = true> <Delay = 0.00>
ST_1 : Operation 61 [1/1] (0.00ns)   --->   "%in_state_0_1_0_V_s = call i8 @_ssdm_op_Read.ap_auto.i8(i8 %in_state_0_1_0_V_read)" [CTREncryption/src/encryption.cpp:63]   --->   Operation 61 'read' 'in_state_0_1_0_V_s' <Predicate = true> <Delay = 0.00>
ST_1 : Operation 62 [1/1] (0.00ns)   --->   "%in_state_0_0_3_V_s = call i8 @_ssdm_op_Read.ap_auto.i8(i8 %in_state_0_0_3_V_read)" [CTREncryption/src/encryption.cpp:63]   --->   Operation 62 'read' 'in_state_0_0_3_V_s' <Predicate = true> <Delay = 0.00>
ST_1 : Operation 63 [1/1] (0.00ns)   --->   "%in_state_0_0_2_V_s = call i8 @_ssdm_op_Read.ap_auto.i8(i8 %in_state_0_0_2_V_read)" [CTREncryption/src/encryption.cpp:63]   --->   Operation 63 'read' 'in_state_0_0_2_V_s' <Predicate = true> <Delay = 0.00>
ST_1 : Operation 64 [1/1] (0.00ns)   --->   "%in_state_0_0_1_V_s = call i8 @_ssdm_op_Read.ap_auto.i8(i8 %in_state_0_0_1_V_read)" [CTREncryption/src/encryption.cpp:63]   --->   Operation 64 'read' 'in_state_0_0_1_V_s' <Predicate = true> <Delay = 0.00>
ST_1 : Operation 65 [1/1] (0.00ns)   --->   "%in_state_0_0_0_V_s = call i8 @_ssdm_op_Read.ap_auto.i8(i8 %in_state_0_0_0_V_read)" [CTREncryption/src/encryption.cpp:63]   --->   Operation 65 'read' 'in_state_0_0_0_V_s' <Predicate = true> <Delay = 0.00>
ST_1 : Operation 66 [1/1] (0.00ns)   --->   "%mrv = insertvalue { i8, i8, i8, i8, i8, i8, i8, i8, i8, i8, i8, i8, i8, i8, i8, i8, i8, i8, i8, i8, i8, i8, i8, i8, i8, i8, i8, i8, i8, i8, i8, i8, i8, i8, i8, i8, i8, i8, i8, i8, i8, i8, i8, i8, i8, i8, i8, i8, i8, i8, i8, i8, i8, i8, i8, i8, i8, i8, i8, i8, i8, i8, i8, i8 } undef, i8 %in_state_0_0_0_V_s, 0" [CTREncryption/src/encryption.cpp:89]   --->   Operation 66 'insertvalue' 'mrv' <Predicate = true> <Delay = 0.00>
ST_1 : Operation 67 [1/1] (0.00ns)   --->   "%mrv_1 = insertvalue { i8, i8, i8, i8, i8, i8, i8, i8, i8, i8, i8, i8, i8, i8, i8, i8, i8, i8, i8, i8, i8, i8, i8, i8, i8, i8, i8, i8, i8, i8, i8, i8, i8, i8, i8, i8, i8, i8, i8, i8, i8, i8, i8, i8, i8, i8, i8, i8, i8, i8, i8, i8, i8, i8, i8, i8, i8, i8, i8, i8, i8, i8, i8, i8 } %mrv, i8 %in_state_0_0_1_V_s, 1" [CTREncryption/src/encryption.cpp:89]   --->   Operation 67 'insertvalue' 'mrv_1' <Predicate = true> <Delay = 0.00>
ST_1 : Operation 68 [1/1] (0.00ns)   --->   "%mrv_2 = insertvalue { i8, i8, i8, i8, i8, i8, i8, i8, i8, i8, i8, i8, i8, i8, i8, i8, i8, i8, i8, i8, i8, i8, i8, i8, i8, i8, i8, i8, i8, i8, i8, i8, i8, i8, i8, i8, i8, i8, i8, i8, i8, i8, i8, i8, i8, i8, i8, i8, i8, i8, i8, i8, i8, i8, i8, i8, i8, i8, i8, i8, i8, i8, i8, i8 } %mrv_1, i8 %in_state_0_0_2_V_s, 2" [CTREncryption/src/encryption.cpp:89]   --->   Operation 68 'insertvalue' 'mrv_2' <Predicate = true> <Delay = 0.00>
ST_1 : Operation 69 [1/1] (0.00ns)   --->   "%mrv_3 = insertvalue { i8, i8, i8, i8, i8, i8, i8, i8, i8, i8, i8, i8, i8, i8, i8, i8, i8, i8, i8, i8, i8, i8, i8, i8, i8, i8, i8, i8, i8, i8, i8, i8, i8, i8, i8, i8, i8, i8, i8, i8, i8, i8, i8, i8, i8, i8, i8, i8, i8, i8, i8, i8, i8, i8, i8, i8, i8, i8, i8, i8, i8, i8, i8, i8 } %mrv_2, i8 %in_state_0_0_3_V_s, 3" [CTREncryption/src/encryption.cpp:89]   --->   Operation 69 'insertvalue' 'mrv_3' <Predicate = true> <Delay = 0.00>
ST_1 : Operation 70 [1/1] (0.00ns)   --->   "%mrv_4 = insertvalue { i8, i8, i8, i8, i8, i8, i8, i8, i8, i8, i8, i8, i8, i8, i8, i8, i8, i8, i8, i8, i8, i8, i8, i8, i8, i8, i8, i8, i8, i8, i8, i8, i8, i8, i8, i8, i8, i8, i8, i8, i8, i8, i8, i8, i8, i8, i8, i8, i8, i8, i8, i8, i8, i8, i8, i8, i8, i8, i8, i8, i8, i8, i8, i8 } %mrv_3, i8 %in_state_0_1_1_V_s, 4" [CTREncryption/src/encryption.cpp:89]   --->   Operation 70 'insertvalue' 'mrv_4' <Predicate = true> <Delay = 0.00>
ST_1 : Operation 71 [1/1] (0.00ns)   --->   "%mrv_5 = insertvalue { i8, i8, i8, i8, i8, i8, i8, i8, i8, i8, i8, i8, i8, i8, i8, i8, i8, i8, i8, i8, i8, i8, i8, i8, i8, i8, i8, i8, i8, i8, i8, i8, i8, i8, i8, i8, i8, i8, i8, i8, i8, i8, i8, i8, i8, i8, i8, i8, i8, i8, i8, i8, i8, i8, i8, i8, i8, i8, i8, i8, i8, i8, i8, i8 } %mrv_4, i8 %in_state_0_1_2_V_s, 5" [CTREncryption/src/encryption.cpp:89]   --->   Operation 71 'insertvalue' 'mrv_5' <Predicate = true> <Delay = 0.00>
ST_1 : Operation 72 [1/1] (0.00ns)   --->   "%mrv_6 = insertvalue { i8, i8, i8, i8, i8, i8, i8, i8, i8, i8, i8, i8, i8, i8, i8, i8, i8, i8, i8, i8, i8, i8, i8, i8, i8, i8, i8, i8, i8, i8, i8, i8, i8, i8, i8, i8, i8, i8, i8, i8, i8, i8, i8, i8, i8, i8, i8, i8, i8, i8, i8, i8, i8, i8, i8, i8, i8, i8, i8, i8, i8, i8, i8, i8 } %mrv_5, i8 %in_state_0_1_3_V_s, 6" [CTREncryption/src/encryption.cpp:89]   --->   Operation 72 'insertvalue' 'mrv_6' <Predicate = true> <Delay = 0.00>
ST_1 : Operation 73 [1/1] (0.00ns)   --->   "%mrv_7 = insertvalue { i8, i8, i8, i8, i8, i8, i8, i8, i8, i8, i8, i8, i8, i8, i8, i8, i8, i8, i8, i8, i8, i8, i8, i8, i8, i8, i8, i8, i8, i8, i8, i8, i8, i8, i8, i8, i8, i8, i8, i8, i8, i8, i8, i8, i8, i8, i8, i8, i8, i8, i8, i8, i8, i8, i8, i8, i8, i8, i8, i8, i8, i8, i8, i8 } %mrv_6, i8 %in_state_0_1_0_V_s, 7" [CTREncryption/src/encryption.cpp:89]   --->   Operation 73 'insertvalue' 'mrv_7' <Predicate = true> <Delay = 0.00>
ST_1 : Operation 74 [1/1] (0.00ns)   --->   "%mrv_8 = insertvalue { i8, i8, i8, i8, i8, i8, i8, i8, i8, i8, i8, i8, i8, i8, i8, i8, i8, i8, i8, i8, i8, i8, i8, i8, i8, i8, i8, i8, i8, i8, i8, i8, i8, i8, i8, i8, i8, i8, i8, i8, i8, i8, i8, i8, i8, i8, i8, i8, i8, i8, i8, i8, i8, i8, i8, i8, i8, i8, i8, i8, i8, i8, i8, i8 } %mrv_7, i8 %in_state_0_2_2_V_s, 8" [CTREncryption/src/encryption.cpp:89]   --->   Operation 74 'insertvalue' 'mrv_8' <Predicate = true> <Delay = 0.00>
ST_1 : Operation 75 [1/1] (0.00ns)   --->   "%mrv_9 = insertvalue { i8, i8, i8, i8, i8, i8, i8, i8, i8, i8, i8, i8, i8, i8, i8, i8, i8, i8, i8, i8, i8, i8, i8, i8, i8, i8, i8, i8, i8, i8, i8, i8, i8, i8, i8, i8, i8, i8, i8, i8, i8, i8, i8, i8, i8, i8, i8, i8, i8, i8, i8, i8, i8, i8, i8, i8, i8, i8, i8, i8, i8, i8, i8, i8 } %mrv_8, i8 %in_state_0_2_3_V_s, 9" [CTREncryption/src/encryption.cpp:89]   --->   Operation 75 'insertvalue' 'mrv_9' <Predicate = true> <Delay = 0.00>
ST_1 : Operation 76 [1/1] (0.00ns)   --->   "%mrv_10 = insertvalue { i8, i8, i8, i8, i8, i8, i8, i8, i8, i8, i8, i8, i8, i8, i8, i8, i8, i8, i8, i8, i8, i8, i8, i8, i8, i8, i8, i8, i8, i8, i8, i8, i8, i8, i8, i8, i8, i8, i8, i8, i8, i8, i8, i8, i8, i8, i8, i8, i8, i8, i8, i8, i8, i8, i8, i8, i8, i8, i8, i8, i8, i8, i8, i8 } %mrv_9, i8 %in_state_0_2_0_V_s, 10" [CTREncryption/src/encryption.cpp:89]   --->   Operation 76 'insertvalue' 'mrv_10' <Predicate = true> <Delay = 0.00>
ST_1 : Operation 77 [1/1] (0.00ns)   --->   "%mrv_11 = insertvalue { i8, i8, i8, i8, i8, i8, i8, i8, i8, i8, i8, i8, i8, i8, i8, i8, i8, i8, i8, i8, i8, i8, i8, i8, i8, i8, i8, i8, i8, i8, i8, i8, i8, i8, i8, i8, i8, i8, i8, i8, i8, i8, i8, i8, i8, i8, i8, i8, i8, i8, i8, i8, i8, i8, i8, i8, i8, i8, i8, i8, i8, i8, i8, i8 } %mrv_10, i8 %in_state_0_2_1_V_s, 11" [CTREncryption/src/encryption.cpp:89]   --->   Operation 77 'insertvalue' 'mrv_11' <Predicate = true> <Delay = 0.00>
ST_1 : Operation 78 [1/1] (0.00ns)   --->   "%mrv_12 = insertvalue { i8, i8, i8, i8, i8, i8, i8, i8, i8, i8, i8, i8, i8, i8, i8, i8, i8, i8, i8, i8, i8, i8, i8, i8, i8, i8, i8, i8, i8, i8, i8, i8, i8, i8, i8, i8, i8, i8, i8, i8, i8, i8, i8, i8, i8, i8, i8, i8, i8, i8, i8, i8, i8, i8, i8, i8, i8, i8, i8, i8, i8, i8, i8, i8 } %mrv_11, i8 %in_state_0_3_3_V_s, 12" [CTREncryption/src/encryption.cpp:89]   --->   Operation 78 'insertvalue' 'mrv_12' <Predicate = true> <Delay = 0.00>
ST_1 : Operation 79 [1/1] (0.00ns)   --->   "%mrv_13 = insertvalue { i8, i8, i8, i8, i8, i8, i8, i8, i8, i8, i8, i8, i8, i8, i8, i8, i8, i8, i8, i8, i8, i8, i8, i8, i8, i8, i8, i8, i8, i8, i8, i8, i8, i8, i8, i8, i8, i8, i8, i8, i8, i8, i8, i8, i8, i8, i8, i8, i8, i8, i8, i8, i8, i8, i8, i8, i8, i8, i8, i8, i8, i8, i8, i8 } %mrv_12, i8 %in_state_0_3_0_V_s, 13" [CTREncryption/src/encryption.cpp:89]   --->   Operation 79 'insertvalue' 'mrv_13' <Predicate = true> <Delay = 0.00>
ST_1 : Operation 80 [1/1] (0.00ns)   --->   "%mrv_14 = insertvalue { i8, i8, i8, i8, i8, i8, i8, i8, i8, i8, i8, i8, i8, i8, i8, i8, i8, i8, i8, i8, i8, i8, i8, i8, i8, i8, i8, i8, i8, i8, i8, i8, i8, i8, i8, i8, i8, i8, i8, i8, i8, i8, i8, i8, i8, i8, i8, i8, i8, i8, i8, i8, i8, i8, i8, i8, i8, i8, i8, i8, i8, i8, i8, i8 } %mrv_13, i8 %in_state_0_3_1_V_s, 14" [CTREncryption/src/encryption.cpp:89]   --->   Operation 80 'insertvalue' 'mrv_14' <Predicate = true> <Delay = 0.00>
ST_1 : Operation 81 [1/1] (0.00ns)   --->   "%mrv_15 = insertvalue { i8, i8, i8, i8, i8, i8, i8, i8, i8, i8, i8, i8, i8, i8, i8, i8, i8, i8, i8, i8, i8, i8, i8, i8, i8, i8, i8, i8, i8, i8, i8, i8, i8, i8, i8, i8, i8, i8, i8, i8, i8, i8, i8, i8, i8, i8, i8, i8, i8, i8, i8, i8, i8, i8, i8, i8, i8, i8, i8, i8, i8, i8, i8, i8 } %mrv_14, i8 %in_state_0_3_2_V_s, 15" [CTREncryption/src/encryption.cpp:89]   --->   Operation 81 'insertvalue' 'mrv_15' <Predicate = true> <Delay = 0.00>
ST_1 : Operation 82 [1/1] (0.00ns)   --->   "%mrv_16 = insertvalue { i8, i8, i8, i8, i8, i8, i8, i8, i8, i8, i8, i8, i8, i8, i8, i8, i8, i8, i8, i8, i8, i8, i8, i8, i8, i8, i8, i8, i8, i8, i8, i8, i8, i8, i8, i8, i8, i8, i8, i8, i8, i8, i8, i8, i8, i8, i8, i8, i8, i8, i8, i8, i8, i8, i8, i8, i8, i8, i8, i8, i8, i8, i8, i8 } %mrv_15, i8 %in_state_1_0_0_V_s, 16" [CTREncryption/src/encryption.cpp:89]   --->   Operation 82 'insertvalue' 'mrv_16' <Predicate = true> <Delay = 0.00>
ST_1 : Operation 83 [1/1] (0.00ns)   --->   "%mrv_17 = insertvalue { i8, i8, i8, i8, i8, i8, i8, i8, i8, i8, i8, i8, i8, i8, i8, i8, i8, i8, i8, i8, i8, i8, i8, i8, i8, i8, i8, i8, i8, i8, i8, i8, i8, i8, i8, i8, i8, i8, i8, i8, i8, i8, i8, i8, i8, i8, i8, i8, i8, i8, i8, i8, i8, i8, i8, i8, i8, i8, i8, i8, i8, i8, i8, i8 } %mrv_16, i8 %in_state_1_0_1_V_s, 17" [CTREncryption/src/encryption.cpp:89]   --->   Operation 83 'insertvalue' 'mrv_17' <Predicate = true> <Delay = 0.00>
ST_1 : Operation 84 [1/1] (0.00ns)   --->   "%mrv_18 = insertvalue { i8, i8, i8, i8, i8, i8, i8, i8, i8, i8, i8, i8, i8, i8, i8, i8, i8, i8, i8, i8, i8, i8, i8, i8, i8, i8, i8, i8, i8, i8, i8, i8, i8, i8, i8, i8, i8, i8, i8, i8, i8, i8, i8, i8, i8, i8, i8, i8, i8, i8, i8, i8, i8, i8, i8, i8, i8, i8, i8, i8, i8, i8, i8, i8 } %mrv_17, i8 %in_state_1_0_2_V_s, 18" [CTREncryption/src/encryption.cpp:89]   --->   Operation 84 'insertvalue' 'mrv_18' <Predicate = true> <Delay = 0.00>
ST_1 : Operation 85 [1/1] (0.00ns)   --->   "%mrv_19 = insertvalue { i8, i8, i8, i8, i8, i8, i8, i8, i8, i8, i8, i8, i8, i8, i8, i8, i8, i8, i8, i8, i8, i8, i8, i8, i8, i8, i8, i8, i8, i8, i8, i8, i8, i8, i8, i8, i8, i8, i8, i8, i8, i8, i8, i8, i8, i8, i8, i8, i8, i8, i8, i8, i8, i8, i8, i8, i8, i8, i8, i8, i8, i8, i8, i8 } %mrv_18, i8 %in_state_1_0_3_V_s, 19" [CTREncryption/src/encryption.cpp:89]   --->   Operation 85 'insertvalue' 'mrv_19' <Predicate = true> <Delay = 0.00>
ST_1 : Operation 86 [1/1] (0.00ns)   --->   "%mrv_20 = insertvalue { i8, i8, i8, i8, i8, i8, i8, i8, i8, i8, i8, i8, i8, i8, i8, i8, i8, i8, i8, i8, i8, i8, i8, i8, i8, i8, i8, i8, i8, i8, i8, i8, i8, i8, i8, i8, i8, i8, i8, i8, i8, i8, i8, i8, i8, i8, i8, i8, i8, i8, i8, i8, i8, i8, i8, i8, i8, i8, i8, i8, i8, i8, i8, i8 } %mrv_19, i8 %in_state_1_1_1_V_s, 20" [CTREncryption/src/encryption.cpp:89]   --->   Operation 86 'insertvalue' 'mrv_20' <Predicate = true> <Delay = 0.00>
ST_1 : Operation 87 [1/1] (0.00ns)   --->   "%mrv_21 = insertvalue { i8, i8, i8, i8, i8, i8, i8, i8, i8, i8, i8, i8, i8, i8, i8, i8, i8, i8, i8, i8, i8, i8, i8, i8, i8, i8, i8, i8, i8, i8, i8, i8, i8, i8, i8, i8, i8, i8, i8, i8, i8, i8, i8, i8, i8, i8, i8, i8, i8, i8, i8, i8, i8, i8, i8, i8, i8, i8, i8, i8, i8, i8, i8, i8 } %mrv_20, i8 %in_state_1_1_2_V_s, 21" [CTREncryption/src/encryption.cpp:89]   --->   Operation 87 'insertvalue' 'mrv_21' <Predicate = true> <Delay = 0.00>
ST_1 : Operation 88 [1/1] (0.00ns)   --->   "%mrv_22 = insertvalue { i8, i8, i8, i8, i8, i8, i8, i8, i8, i8, i8, i8, i8, i8, i8, i8, i8, i8, i8, i8, i8, i8, i8, i8, i8, i8, i8, i8, i8, i8, i8, i8, i8, i8, i8, i8, i8, i8, i8, i8, i8, i8, i8, i8, i8, i8, i8, i8, i8, i8, i8, i8, i8, i8, i8, i8, i8, i8, i8, i8, i8, i8, i8, i8 } %mrv_21, i8 %in_state_1_1_3_V_s, 22" [CTREncryption/src/encryption.cpp:89]   --->   Operation 88 'insertvalue' 'mrv_22' <Predicate = true> <Delay = 0.00>
ST_1 : Operation 89 [1/1] (0.00ns)   --->   "%mrv_23 = insertvalue { i8, i8, i8, i8, i8, i8, i8, i8, i8, i8, i8, i8, i8, i8, i8, i8, i8, i8, i8, i8, i8, i8, i8, i8, i8, i8, i8, i8, i8, i8, i8, i8, i8, i8, i8, i8, i8, i8, i8, i8, i8, i8, i8, i8, i8, i8, i8, i8, i8, i8, i8, i8, i8, i8, i8, i8, i8, i8, i8, i8, i8, i8, i8, i8 } %mrv_22, i8 %in_state_1_1_0_V_s, 23" [CTREncryption/src/encryption.cpp:89]   --->   Operation 89 'insertvalue' 'mrv_23' <Predicate = true> <Delay = 0.00>
ST_1 : Operation 90 [1/1] (0.00ns)   --->   "%mrv_24 = insertvalue { i8, i8, i8, i8, i8, i8, i8, i8, i8, i8, i8, i8, i8, i8, i8, i8, i8, i8, i8, i8, i8, i8, i8, i8, i8, i8, i8, i8, i8, i8, i8, i8, i8, i8, i8, i8, i8, i8, i8, i8, i8, i8, i8, i8, i8, i8, i8, i8, i8, i8, i8, i8, i8, i8, i8, i8, i8, i8, i8, i8, i8, i8, i8, i8 } %mrv_23, i8 %in_state_1_2_2_V_s, 24" [CTREncryption/src/encryption.cpp:89]   --->   Operation 90 'insertvalue' 'mrv_24' <Predicate = true> <Delay = 0.00>
ST_1 : Operation 91 [1/1] (0.00ns)   --->   "%mrv_25 = insertvalue { i8, i8, i8, i8, i8, i8, i8, i8, i8, i8, i8, i8, i8, i8, i8, i8, i8, i8, i8, i8, i8, i8, i8, i8, i8, i8, i8, i8, i8, i8, i8, i8, i8, i8, i8, i8, i8, i8, i8, i8, i8, i8, i8, i8, i8, i8, i8, i8, i8, i8, i8, i8, i8, i8, i8, i8, i8, i8, i8, i8, i8, i8, i8, i8 } %mrv_24, i8 %in_state_1_2_3_V_s, 25" [CTREncryption/src/encryption.cpp:89]   --->   Operation 91 'insertvalue' 'mrv_25' <Predicate = true> <Delay = 0.00>
ST_1 : Operation 92 [1/1] (0.00ns)   --->   "%mrv_26 = insertvalue { i8, i8, i8, i8, i8, i8, i8, i8, i8, i8, i8, i8, i8, i8, i8, i8, i8, i8, i8, i8, i8, i8, i8, i8, i8, i8, i8, i8, i8, i8, i8, i8, i8, i8, i8, i8, i8, i8, i8, i8, i8, i8, i8, i8, i8, i8, i8, i8, i8, i8, i8, i8, i8, i8, i8, i8, i8, i8, i8, i8, i8, i8, i8, i8 } %mrv_25, i8 %in_state_1_2_0_V_s, 26" [CTREncryption/src/encryption.cpp:89]   --->   Operation 92 'insertvalue' 'mrv_26' <Predicate = true> <Delay = 0.00>
ST_1 : Operation 93 [1/1] (0.00ns)   --->   "%mrv_27 = insertvalue { i8, i8, i8, i8, i8, i8, i8, i8, i8, i8, i8, i8, i8, i8, i8, i8, i8, i8, i8, i8, i8, i8, i8, i8, i8, i8, i8, i8, i8, i8, i8, i8, i8, i8, i8, i8, i8, i8, i8, i8, i8, i8, i8, i8, i8, i8, i8, i8, i8, i8, i8, i8, i8, i8, i8, i8, i8, i8, i8, i8, i8, i8, i8, i8 } %mrv_26, i8 %in_state_1_2_1_V_s, 27" [CTREncryption/src/encryption.cpp:89]   --->   Operation 93 'insertvalue' 'mrv_27' <Predicate = true> <Delay = 0.00>
ST_1 : Operation 94 [1/1] (0.00ns)   --->   "%mrv_28 = insertvalue { i8, i8, i8, i8, i8, i8, i8, i8, i8, i8, i8, i8, i8, i8, i8, i8, i8, i8, i8, i8, i8, i8, i8, i8, i8, i8, i8, i8, i8, i8, i8, i8, i8, i8, i8, i8, i8, i8, i8, i8, i8, i8, i8, i8, i8, i8, i8, i8, i8, i8, i8, i8, i8, i8, i8, i8, i8, i8, i8, i8, i8, i8, i8, i8 } %mrv_27, i8 %in_state_1_3_3_V_s, 28" [CTREncryption/src/encryption.cpp:89]   --->   Operation 94 'insertvalue' 'mrv_28' <Predicate = true> <Delay = 0.00>
ST_1 : Operation 95 [1/1] (0.00ns)   --->   "%mrv_29 = insertvalue { i8, i8, i8, i8, i8, i8, i8, i8, i8, i8, i8, i8, i8, i8, i8, i8, i8, i8, i8, i8, i8, i8, i8, i8, i8, i8, i8, i8, i8, i8, i8, i8, i8, i8, i8, i8, i8, i8, i8, i8, i8, i8, i8, i8, i8, i8, i8, i8, i8, i8, i8, i8, i8, i8, i8, i8, i8, i8, i8, i8, i8, i8, i8, i8 } %mrv_28, i8 %in_state_1_3_0_V_s, 29" [CTREncryption/src/encryption.cpp:89]   --->   Operation 95 'insertvalue' 'mrv_29' <Predicate = true> <Delay = 0.00>
ST_1 : Operation 96 [1/1] (0.00ns)   --->   "%mrv_30 = insertvalue { i8, i8, i8, i8, i8, i8, i8, i8, i8, i8, i8, i8, i8, i8, i8, i8, i8, i8, i8, i8, i8, i8, i8, i8, i8, i8, i8, i8, i8, i8, i8, i8, i8, i8, i8, i8, i8, i8, i8, i8, i8, i8, i8, i8, i8, i8, i8, i8, i8, i8, i8, i8, i8, i8, i8, i8, i8, i8, i8, i8, i8, i8, i8, i8 } %mrv_29, i8 %in_state_1_3_1_V_s, 30" [CTREncryption/src/encryption.cpp:89]   --->   Operation 96 'insertvalue' 'mrv_30' <Predicate = true> <Delay = 0.00>
ST_1 : Operation 97 [1/1] (0.00ns)   --->   "%mrv_31 = insertvalue { i8, i8, i8, i8, i8, i8, i8, i8, i8, i8, i8, i8, i8, i8, i8, i8, i8, i8, i8, i8, i8, i8, i8, i8, i8, i8, i8, i8, i8, i8, i8, i8, i8, i8, i8, i8, i8, i8, i8, i8, i8, i8, i8, i8, i8, i8, i8, i8, i8, i8, i8, i8, i8, i8, i8, i8, i8, i8, i8, i8, i8, i8, i8, i8 } %mrv_30, i8 %in_state_1_3_2_V_s, 31" [CTREncryption/src/encryption.cpp:89]   --->   Operation 97 'insertvalue' 'mrv_31' <Predicate = true> <Delay = 0.00>
ST_1 : Operation 98 [1/1] (0.00ns)   --->   "%mrv_32 = insertvalue { i8, i8, i8, i8, i8, i8, i8, i8, i8, i8, i8, i8, i8, i8, i8, i8, i8, i8, i8, i8, i8, i8, i8, i8, i8, i8, i8, i8, i8, i8, i8, i8, i8, i8, i8, i8, i8, i8, i8, i8, i8, i8, i8, i8, i8, i8, i8, i8, i8, i8, i8, i8, i8, i8, i8, i8, i8, i8, i8, i8, i8, i8, i8, i8 } %mrv_31, i8 %in_state_2_0_0_V_s, 32" [CTREncryption/src/encryption.cpp:89]   --->   Operation 98 'insertvalue' 'mrv_32' <Predicate = true> <Delay = 0.00>
ST_1 : Operation 99 [1/1] (0.00ns)   --->   "%mrv_33 = insertvalue { i8, i8, i8, i8, i8, i8, i8, i8, i8, i8, i8, i8, i8, i8, i8, i8, i8, i8, i8, i8, i8, i8, i8, i8, i8, i8, i8, i8, i8, i8, i8, i8, i8, i8, i8, i8, i8, i8, i8, i8, i8, i8, i8, i8, i8, i8, i8, i8, i8, i8, i8, i8, i8, i8, i8, i8, i8, i8, i8, i8, i8, i8, i8, i8 } %mrv_32, i8 %in_state_2_0_1_V_s, 33" [CTREncryption/src/encryption.cpp:89]   --->   Operation 99 'insertvalue' 'mrv_33' <Predicate = true> <Delay = 0.00>
ST_1 : Operation 100 [1/1] (0.00ns)   --->   "%mrv_34 = insertvalue { i8, i8, i8, i8, i8, i8, i8, i8, i8, i8, i8, i8, i8, i8, i8, i8, i8, i8, i8, i8, i8, i8, i8, i8, i8, i8, i8, i8, i8, i8, i8, i8, i8, i8, i8, i8, i8, i8, i8, i8, i8, i8, i8, i8, i8, i8, i8, i8, i8, i8, i8, i8, i8, i8, i8, i8, i8, i8, i8, i8, i8, i8, i8, i8 } %mrv_33, i8 %in_state_2_0_2_V_s, 34" [CTREncryption/src/encryption.cpp:89]   --->   Operation 100 'insertvalue' 'mrv_34' <Predicate = true> <Delay = 0.00>
ST_1 : Operation 101 [1/1] (0.00ns)   --->   "%mrv_35 = insertvalue { i8, i8, i8, i8, i8, i8, i8, i8, i8, i8, i8, i8, i8, i8, i8, i8, i8, i8, i8, i8, i8, i8, i8, i8, i8, i8, i8, i8, i8, i8, i8, i8, i8, i8, i8, i8, i8, i8, i8, i8, i8, i8, i8, i8, i8, i8, i8, i8, i8, i8, i8, i8, i8, i8, i8, i8, i8, i8, i8, i8, i8, i8, i8, i8 } %mrv_34, i8 %in_state_2_0_3_V_s, 35" [CTREncryption/src/encryption.cpp:89]   --->   Operation 101 'insertvalue' 'mrv_35' <Predicate = true> <Delay = 0.00>
ST_1 : Operation 102 [1/1] (0.00ns)   --->   "%mrv_36 = insertvalue { i8, i8, i8, i8, i8, i8, i8, i8, i8, i8, i8, i8, i8, i8, i8, i8, i8, i8, i8, i8, i8, i8, i8, i8, i8, i8, i8, i8, i8, i8, i8, i8, i8, i8, i8, i8, i8, i8, i8, i8, i8, i8, i8, i8, i8, i8, i8, i8, i8, i8, i8, i8, i8, i8, i8, i8, i8, i8, i8, i8, i8, i8, i8, i8 } %mrv_35, i8 %in_state_2_1_1_V_s, 36" [CTREncryption/src/encryption.cpp:89]   --->   Operation 102 'insertvalue' 'mrv_36' <Predicate = true> <Delay = 0.00>
ST_1 : Operation 103 [1/1] (0.00ns)   --->   "%mrv_37 = insertvalue { i8, i8, i8, i8, i8, i8, i8, i8, i8, i8, i8, i8, i8, i8, i8, i8, i8, i8, i8, i8, i8, i8, i8, i8, i8, i8, i8, i8, i8, i8, i8, i8, i8, i8, i8, i8, i8, i8, i8, i8, i8, i8, i8, i8, i8, i8, i8, i8, i8, i8, i8, i8, i8, i8, i8, i8, i8, i8, i8, i8, i8, i8, i8, i8 } %mrv_36, i8 %in_state_2_1_2_V_s, 37" [CTREncryption/src/encryption.cpp:89]   --->   Operation 103 'insertvalue' 'mrv_37' <Predicate = true> <Delay = 0.00>
ST_1 : Operation 104 [1/1] (0.00ns)   --->   "%mrv_38 = insertvalue { i8, i8, i8, i8, i8, i8, i8, i8, i8, i8, i8, i8, i8, i8, i8, i8, i8, i8, i8, i8, i8, i8, i8, i8, i8, i8, i8, i8, i8, i8, i8, i8, i8, i8, i8, i8, i8, i8, i8, i8, i8, i8, i8, i8, i8, i8, i8, i8, i8, i8, i8, i8, i8, i8, i8, i8, i8, i8, i8, i8, i8, i8, i8, i8 } %mrv_37, i8 %in_state_2_1_3_V_s, 38" [CTREncryption/src/encryption.cpp:89]   --->   Operation 104 'insertvalue' 'mrv_38' <Predicate = true> <Delay = 0.00>
ST_1 : Operation 105 [1/1] (0.00ns)   --->   "%mrv_39 = insertvalue { i8, i8, i8, i8, i8, i8, i8, i8, i8, i8, i8, i8, i8, i8, i8, i8, i8, i8, i8, i8, i8, i8, i8, i8, i8, i8, i8, i8, i8, i8, i8, i8, i8, i8, i8, i8, i8, i8, i8, i8, i8, i8, i8, i8, i8, i8, i8, i8, i8, i8, i8, i8, i8, i8, i8, i8, i8, i8, i8, i8, i8, i8, i8, i8 } %mrv_38, i8 %in_state_2_1_0_V_s, 39" [CTREncryption/src/encryption.cpp:89]   --->   Operation 105 'insertvalue' 'mrv_39' <Predicate = true> <Delay = 0.00>
ST_1 : Operation 106 [1/1] (0.00ns)   --->   "%mrv_40 = insertvalue { i8, i8, i8, i8, i8, i8, i8, i8, i8, i8, i8, i8, i8, i8, i8, i8, i8, i8, i8, i8, i8, i8, i8, i8, i8, i8, i8, i8, i8, i8, i8, i8, i8, i8, i8, i8, i8, i8, i8, i8, i8, i8, i8, i8, i8, i8, i8, i8, i8, i8, i8, i8, i8, i8, i8, i8, i8, i8, i8, i8, i8, i8, i8, i8 } %mrv_39, i8 %in_state_2_2_2_V_s, 40" [CTREncryption/src/encryption.cpp:89]   --->   Operation 106 'insertvalue' 'mrv_40' <Predicate = true> <Delay = 0.00>
ST_1 : Operation 107 [1/1] (0.00ns)   --->   "%mrv_41 = insertvalue { i8, i8, i8, i8, i8, i8, i8, i8, i8, i8, i8, i8, i8, i8, i8, i8, i8, i8, i8, i8, i8, i8, i8, i8, i8, i8, i8, i8, i8, i8, i8, i8, i8, i8, i8, i8, i8, i8, i8, i8, i8, i8, i8, i8, i8, i8, i8, i8, i8, i8, i8, i8, i8, i8, i8, i8, i8, i8, i8, i8, i8, i8, i8, i8 } %mrv_40, i8 %in_state_2_2_3_V_s, 41" [CTREncryption/src/encryption.cpp:89]   --->   Operation 107 'insertvalue' 'mrv_41' <Predicate = true> <Delay = 0.00>
ST_1 : Operation 108 [1/1] (0.00ns)   --->   "%mrv_42 = insertvalue { i8, i8, i8, i8, i8, i8, i8, i8, i8, i8, i8, i8, i8, i8, i8, i8, i8, i8, i8, i8, i8, i8, i8, i8, i8, i8, i8, i8, i8, i8, i8, i8, i8, i8, i8, i8, i8, i8, i8, i8, i8, i8, i8, i8, i8, i8, i8, i8, i8, i8, i8, i8, i8, i8, i8, i8, i8, i8, i8, i8, i8, i8, i8, i8 } %mrv_41, i8 %in_state_2_2_0_V_s, 42" [CTREncryption/src/encryption.cpp:89]   --->   Operation 108 'insertvalue' 'mrv_42' <Predicate = true> <Delay = 0.00>
ST_1 : Operation 109 [1/1] (0.00ns)   --->   "%mrv_43 = insertvalue { i8, i8, i8, i8, i8, i8, i8, i8, i8, i8, i8, i8, i8, i8, i8, i8, i8, i8, i8, i8, i8, i8, i8, i8, i8, i8, i8, i8, i8, i8, i8, i8, i8, i8, i8, i8, i8, i8, i8, i8, i8, i8, i8, i8, i8, i8, i8, i8, i8, i8, i8, i8, i8, i8, i8, i8, i8, i8, i8, i8, i8, i8, i8, i8 } %mrv_42, i8 %in_state_2_2_1_V_s, 43" [CTREncryption/src/encryption.cpp:89]   --->   Operation 109 'insertvalue' 'mrv_43' <Predicate = true> <Delay = 0.00>
ST_1 : Operation 110 [1/1] (0.00ns)   --->   "%mrv_44 = insertvalue { i8, i8, i8, i8, i8, i8, i8, i8, i8, i8, i8, i8, i8, i8, i8, i8, i8, i8, i8, i8, i8, i8, i8, i8, i8, i8, i8, i8, i8, i8, i8, i8, i8, i8, i8, i8, i8, i8, i8, i8, i8, i8, i8, i8, i8, i8, i8, i8, i8, i8, i8, i8, i8, i8, i8, i8, i8, i8, i8, i8, i8, i8, i8, i8 } %mrv_43, i8 %in_state_2_3_3_V_s, 44" [CTREncryption/src/encryption.cpp:89]   --->   Operation 110 'insertvalue' 'mrv_44' <Predicate = true> <Delay = 0.00>
ST_1 : Operation 111 [1/1] (0.00ns)   --->   "%mrv_45 = insertvalue { i8, i8, i8, i8, i8, i8, i8, i8, i8, i8, i8, i8, i8, i8, i8, i8, i8, i8, i8, i8, i8, i8, i8, i8, i8, i8, i8, i8, i8, i8, i8, i8, i8, i8, i8, i8, i8, i8, i8, i8, i8, i8, i8, i8, i8, i8, i8, i8, i8, i8, i8, i8, i8, i8, i8, i8, i8, i8, i8, i8, i8, i8, i8, i8 } %mrv_44, i8 %in_state_2_3_0_V_s, 45" [CTREncryption/src/encryption.cpp:89]   --->   Operation 111 'insertvalue' 'mrv_45' <Predicate = true> <Delay = 0.00>
ST_1 : Operation 112 [1/1] (0.00ns)   --->   "%mrv_46 = insertvalue { i8, i8, i8, i8, i8, i8, i8, i8, i8, i8, i8, i8, i8, i8, i8, i8, i8, i8, i8, i8, i8, i8, i8, i8, i8, i8, i8, i8, i8, i8, i8, i8, i8, i8, i8, i8, i8, i8, i8, i8, i8, i8, i8, i8, i8, i8, i8, i8, i8, i8, i8, i8, i8, i8, i8, i8, i8, i8, i8, i8, i8, i8, i8, i8 } %mrv_45, i8 %in_state_2_3_1_V_s, 46" [CTREncryption/src/encryption.cpp:89]   --->   Operation 112 'insertvalue' 'mrv_46' <Predicate = true> <Delay = 0.00>
ST_1 : Operation 113 [1/1] (0.00ns)   --->   "%mrv_47 = insertvalue { i8, i8, i8, i8, i8, i8, i8, i8, i8, i8, i8, i8, i8, i8, i8, i8, i8, i8, i8, i8, i8, i8, i8, i8, i8, i8, i8, i8, i8, i8, i8, i8, i8, i8, i8, i8, i8, i8, i8, i8, i8, i8, i8, i8, i8, i8, i8, i8, i8, i8, i8, i8, i8, i8, i8, i8, i8, i8, i8, i8, i8, i8, i8, i8 } %mrv_46, i8 %in_state_2_3_2_V_s, 47" [CTREncryption/src/encryption.cpp:89]   --->   Operation 113 'insertvalue' 'mrv_47' <Predicate = true> <Delay = 0.00>
ST_1 : Operation 114 [1/1] (0.00ns)   --->   "%mrv_48 = insertvalue { i8, i8, i8, i8, i8, i8, i8, i8, i8, i8, i8, i8, i8, i8, i8, i8, i8, i8, i8, i8, i8, i8, i8, i8, i8, i8, i8, i8, i8, i8, i8, i8, i8, i8, i8, i8, i8, i8, i8, i8, i8, i8, i8, i8, i8, i8, i8, i8, i8, i8, i8, i8, i8, i8, i8, i8, i8, i8, i8, i8, i8, i8, i8, i8 } %mrv_47, i8 %in_state_3_0_0_V_s, 48" [CTREncryption/src/encryption.cpp:89]   --->   Operation 114 'insertvalue' 'mrv_48' <Predicate = true> <Delay = 0.00>
ST_1 : Operation 115 [1/1] (0.00ns)   --->   "%mrv_49 = insertvalue { i8, i8, i8, i8, i8, i8, i8, i8, i8, i8, i8, i8, i8, i8, i8, i8, i8, i8, i8, i8, i8, i8, i8, i8, i8, i8, i8, i8, i8, i8, i8, i8, i8, i8, i8, i8, i8, i8, i8, i8, i8, i8, i8, i8, i8, i8, i8, i8, i8, i8, i8, i8, i8, i8, i8, i8, i8, i8, i8, i8, i8, i8, i8, i8 } %mrv_48, i8 %in_state_3_0_1_V_s, 49" [CTREncryption/src/encryption.cpp:89]   --->   Operation 115 'insertvalue' 'mrv_49' <Predicate = true> <Delay = 0.00>
ST_1 : Operation 116 [1/1] (0.00ns)   --->   "%mrv_50 = insertvalue { i8, i8, i8, i8, i8, i8, i8, i8, i8, i8, i8, i8, i8, i8, i8, i8, i8, i8, i8, i8, i8, i8, i8, i8, i8, i8, i8, i8, i8, i8, i8, i8, i8, i8, i8, i8, i8, i8, i8, i8, i8, i8, i8, i8, i8, i8, i8, i8, i8, i8, i8, i8, i8, i8, i8, i8, i8, i8, i8, i8, i8, i8, i8, i8 } %mrv_49, i8 %in_state_3_0_2_V_s, 50" [CTREncryption/src/encryption.cpp:89]   --->   Operation 116 'insertvalue' 'mrv_50' <Predicate = true> <Delay = 0.00>
ST_1 : Operation 117 [1/1] (0.00ns)   --->   "%mrv_51 = insertvalue { i8, i8, i8, i8, i8, i8, i8, i8, i8, i8, i8, i8, i8, i8, i8, i8, i8, i8, i8, i8, i8, i8, i8, i8, i8, i8, i8, i8, i8, i8, i8, i8, i8, i8, i8, i8, i8, i8, i8, i8, i8, i8, i8, i8, i8, i8, i8, i8, i8, i8, i8, i8, i8, i8, i8, i8, i8, i8, i8, i8, i8, i8, i8, i8 } %mrv_50, i8 %in_state_3_0_3_V_s, 51" [CTREncryption/src/encryption.cpp:89]   --->   Operation 117 'insertvalue' 'mrv_51' <Predicate = true> <Delay = 0.00>
ST_1 : Operation 118 [1/1] (0.00ns)   --->   "%mrv_52 = insertvalue { i8, i8, i8, i8, i8, i8, i8, i8, i8, i8, i8, i8, i8, i8, i8, i8, i8, i8, i8, i8, i8, i8, i8, i8, i8, i8, i8, i8, i8, i8, i8, i8, i8, i8, i8, i8, i8, i8, i8, i8, i8, i8, i8, i8, i8, i8, i8, i8, i8, i8, i8, i8, i8, i8, i8, i8, i8, i8, i8, i8, i8, i8, i8, i8 } %mrv_51, i8 %in_state_3_1_1_V_s, 52" [CTREncryption/src/encryption.cpp:89]   --->   Operation 118 'insertvalue' 'mrv_52' <Predicate = true> <Delay = 0.00>
ST_1 : Operation 119 [1/1] (0.00ns)   --->   "%mrv_53 = insertvalue { i8, i8, i8, i8, i8, i8, i8, i8, i8, i8, i8, i8, i8, i8, i8, i8, i8, i8, i8, i8, i8, i8, i8, i8, i8, i8, i8, i8, i8, i8, i8, i8, i8, i8, i8, i8, i8, i8, i8, i8, i8, i8, i8, i8, i8, i8, i8, i8, i8, i8, i8, i8, i8, i8, i8, i8, i8, i8, i8, i8, i8, i8, i8, i8 } %mrv_52, i8 %in_state_3_1_2_V_s, 53" [CTREncryption/src/encryption.cpp:89]   --->   Operation 119 'insertvalue' 'mrv_53' <Predicate = true> <Delay = 0.00>
ST_1 : Operation 120 [1/1] (0.00ns)   --->   "%mrv_54 = insertvalue { i8, i8, i8, i8, i8, i8, i8, i8, i8, i8, i8, i8, i8, i8, i8, i8, i8, i8, i8, i8, i8, i8, i8, i8, i8, i8, i8, i8, i8, i8, i8, i8, i8, i8, i8, i8, i8, i8, i8, i8, i8, i8, i8, i8, i8, i8, i8, i8, i8, i8, i8, i8, i8, i8, i8, i8, i8, i8, i8, i8, i8, i8, i8, i8 } %mrv_53, i8 %in_state_3_1_3_V_s, 54" [CTREncryption/src/encryption.cpp:89]   --->   Operation 120 'insertvalue' 'mrv_54' <Predicate = true> <Delay = 0.00>
ST_1 : Operation 121 [1/1] (0.00ns)   --->   "%mrv_55 = insertvalue { i8, i8, i8, i8, i8, i8, i8, i8, i8, i8, i8, i8, i8, i8, i8, i8, i8, i8, i8, i8, i8, i8, i8, i8, i8, i8, i8, i8, i8, i8, i8, i8, i8, i8, i8, i8, i8, i8, i8, i8, i8, i8, i8, i8, i8, i8, i8, i8, i8, i8, i8, i8, i8, i8, i8, i8, i8, i8, i8, i8, i8, i8, i8, i8 } %mrv_54, i8 %in_state_3_1_0_V_s, 55" [CTREncryption/src/encryption.cpp:89]   --->   Operation 121 'insertvalue' 'mrv_55' <Predicate = true> <Delay = 0.00>
ST_1 : Operation 122 [1/1] (0.00ns)   --->   "%mrv_56 = insertvalue { i8, i8, i8, i8, i8, i8, i8, i8, i8, i8, i8, i8, i8, i8, i8, i8, i8, i8, i8, i8, i8, i8, i8, i8, i8, i8, i8, i8, i8, i8, i8, i8, i8, i8, i8, i8, i8, i8, i8, i8, i8, i8, i8, i8, i8, i8, i8, i8, i8, i8, i8, i8, i8, i8, i8, i8, i8, i8, i8, i8, i8, i8, i8, i8 } %mrv_55, i8 %in_state_3_2_2_V_s, 56" [CTREncryption/src/encryption.cpp:89]   --->   Operation 122 'insertvalue' 'mrv_56' <Predicate = true> <Delay = 0.00>
ST_1 : Operation 123 [1/1] (0.00ns)   --->   "%mrv_57 = insertvalue { i8, i8, i8, i8, i8, i8, i8, i8, i8, i8, i8, i8, i8, i8, i8, i8, i8, i8, i8, i8, i8, i8, i8, i8, i8, i8, i8, i8, i8, i8, i8, i8, i8, i8, i8, i8, i8, i8, i8, i8, i8, i8, i8, i8, i8, i8, i8, i8, i8, i8, i8, i8, i8, i8, i8, i8, i8, i8, i8, i8, i8, i8, i8, i8 } %mrv_56, i8 %in_state_3_2_3_V_s, 57" [CTREncryption/src/encryption.cpp:89]   --->   Operation 123 'insertvalue' 'mrv_57' <Predicate = true> <Delay = 0.00>
ST_1 : Operation 124 [1/1] (0.00ns)   --->   "%mrv_58 = insertvalue { i8, i8, i8, i8, i8, i8, i8, i8, i8, i8, i8, i8, i8, i8, i8, i8, i8, i8, i8, i8, i8, i8, i8, i8, i8, i8, i8, i8, i8, i8, i8, i8, i8, i8, i8, i8, i8, i8, i8, i8, i8, i8, i8, i8, i8, i8, i8, i8, i8, i8, i8, i8, i8, i8, i8, i8, i8, i8, i8, i8, i8, i8, i8, i8 } %mrv_57, i8 %in_state_3_2_0_V_s, 58" [CTREncryption/src/encryption.cpp:89]   --->   Operation 124 'insertvalue' 'mrv_58' <Predicate = true> <Delay = 0.00>
ST_1 : Operation 125 [1/1] (0.00ns)   --->   "%mrv_59 = insertvalue { i8, i8, i8, i8, i8, i8, i8, i8, i8, i8, i8, i8, i8, i8, i8, i8, i8, i8, i8, i8, i8, i8, i8, i8, i8, i8, i8, i8, i8, i8, i8, i8, i8, i8, i8, i8, i8, i8, i8, i8, i8, i8, i8, i8, i8, i8, i8, i8, i8, i8, i8, i8, i8, i8, i8, i8, i8, i8, i8, i8, i8, i8, i8, i8 } %mrv_58, i8 %in_state_3_2_1_V_s, 59" [CTREncryption/src/encryption.cpp:89]   --->   Operation 125 'insertvalue' 'mrv_59' <Predicate = true> <Delay = 0.00>
ST_1 : Operation 126 [1/1] (0.00ns)   --->   "%mrv_60 = insertvalue { i8, i8, i8, i8, i8, i8, i8, i8, i8, i8, i8, i8, i8, i8, i8, i8, i8, i8, i8, i8, i8, i8, i8, i8, i8, i8, i8, i8, i8, i8, i8, i8, i8, i8, i8, i8, i8, i8, i8, i8, i8, i8, i8, i8, i8, i8, i8, i8, i8, i8, i8, i8, i8, i8, i8, i8, i8, i8, i8, i8, i8, i8, i8, i8 } %mrv_59, i8 %in_state_3_3_3_V_s, 60" [CTREncryption/src/encryption.cpp:89]   --->   Operation 126 'insertvalue' 'mrv_60' <Predicate = true> <Delay = 0.00>
ST_1 : Operation 127 [1/1] (0.00ns)   --->   "%mrv_61 = insertvalue { i8, i8, i8, i8, i8, i8, i8, i8, i8, i8, i8, i8, i8, i8, i8, i8, i8, i8, i8, i8, i8, i8, i8, i8, i8, i8, i8, i8, i8, i8, i8, i8, i8, i8, i8, i8, i8, i8, i8, i8, i8, i8, i8, i8, i8, i8, i8, i8, i8, i8, i8, i8, i8, i8, i8, i8, i8, i8, i8, i8, i8, i8, i8, i8 } %mrv_60, i8 %in_state_3_3_0_V_s, 61" [CTREncryption/src/encryption.cpp:89]   --->   Operation 127 'insertvalue' 'mrv_61' <Predicate = true> <Delay = 0.00>
ST_1 : Operation 128 [1/1] (0.00ns)   --->   "%mrv_62 = insertvalue { i8, i8, i8, i8, i8, i8, i8, i8, i8, i8, i8, i8, i8, i8, i8, i8, i8, i8, i8, i8, i8, i8, i8, i8, i8, i8, i8, i8, i8, i8, i8, i8, i8, i8, i8, i8, i8, i8, i8, i8, i8, i8, i8, i8, i8, i8, i8, i8, i8, i8, i8, i8, i8, i8, i8, i8, i8, i8, i8, i8, i8, i8, i8, i8 } %mrv_61, i8 %in_state_3_3_1_V_s, 62" [CTREncryption/src/encryption.cpp:89]   --->   Operation 128 'insertvalue' 'mrv_62' <Predicate = true> <Delay = 0.00>
ST_1 : Operation 129 [1/1] (0.00ns)   --->   "%mrv_s = insertvalue { i8, i8, i8, i8, i8, i8, i8, i8, i8, i8, i8, i8, i8, i8, i8, i8, i8, i8, i8, i8, i8, i8, i8, i8, i8, i8, i8, i8, i8, i8, i8, i8, i8, i8, i8, i8, i8, i8, i8, i8, i8, i8, i8, i8, i8, i8, i8, i8, i8, i8, i8, i8, i8, i8, i8, i8, i8, i8, i8, i8, i8, i8, i8, i8 } %mrv_62, i8 %in_state_3_3_2_V_s, 63" [CTREncryption/src/encryption.cpp:89]   --->   Operation 129 'insertvalue' 'mrv_s' <Predicate = true> <Delay = 0.00>
ST_1 : Operation 130 [1/1] (0.00ns)   --->   "ret { i8, i8, i8, i8, i8, i8, i8, i8, i8, i8, i8, i8, i8, i8, i8, i8, i8, i8, i8, i8, i8, i8, i8, i8, i8, i8, i8, i8, i8, i8, i8, i8, i8, i8, i8, i8, i8, i8, i8, i8, i8, i8, i8, i8, i8, i8, i8, i8, i8, i8, i8, i8, i8, i8, i8, i8, i8, i8, i8, i8, i8, i8, i8, i8 } %mrv_s" [CTREncryption/src/encryption.cpp:89]   --->   Operation 130 'ret' <Predicate = true> <Delay = 0.00>


============================================================
+ Verbose Summary: Timing violations
============================================================
Target clock period: 5ns, clock uncertainty: 0.625ns.

 <State 1>: 0ns
The critical path consists of the following:


============================================================
+ Verbose Summary: Binding
============================================================
N/A
* FSMD analyzer results:
  - Output states:
 - Input state : 
  - Chain level:
	State 1


============================================================
+ Verbose Summary: Datapath Resource usage 
============================================================
N/A
